
> rest-express@1.0.0 check
> tsc

client/src/components/assistant/assistant-chat.tsx(21,29): error TS2339: Property 'isCommand' does not exist on type '{ role: "user" | "assistant"; content: string; timestamp?: number | undefined; }'.
client/src/components/assistant/assistant-chat.tsx(60,7): error TS2322: Type 'Date' is not assignable to type 'number'.
client/src/components/assistant/assistant-chat.tsx(78,19): error TS2345: Argument of type '(prev: { role: "user" | "assistant"; content: string; timestamp?: number | undefined; }[]) => ({ role: "user" | "assistant"; content: string; timestamp?: number | undefined; } | { role: "assistant"; content: string; timestamp: Date; })[]' is not assignable to parameter of type 'SetStateAction<{ role: "user" | "assistant"; content: string; timestamp?: number | undefined; }[]>'.
  Type '(prev: { role: "user" | "assistant"; content: string; timestamp?: number | undefined; }[]) => ({ role: "user" | "assistant"; content: string; timestamp?: number | undefined; } | { role: "assistant"; content: string; timestamp: Date; })[]' is not assignable to type '(prevState: { role: "user" | "assistant"; content: string; timestamp?: number | undefined; }[]) => { role: "user" | "assistant"; content: string; timestamp?: number | undefined; }[]'.
    Type '({ role: "user" | "assistant"; content: string; timestamp?: number | undefined; } | { role: "assistant"; content: string; timestamp: Date; })[]' is not assignable to type '{ role: "user" | "assistant"; content: string; timestamp?: number | undefined; }[]'.
      Type '{ role: "user" | "assistant"; content: string; timestamp?: number | undefined; } | { role: "assistant"; content: string; timestamp: Date; }' is not assignable to type '{ role: "user" | "assistant"; content: string; timestamp?: number | undefined; }'.
        Type '{ role: "assistant"; content: string; timestamp: Date; }' is not assignable to type '{ role: "user" | "assistant"; content: string; timestamp?: number | undefined; }'.
          Types of property 'timestamp' are incompatible.
            Type 'Date' is not assignable to type 'number'.
client/src/components/assistant/assistant-chat.tsx(156,29): error TS2345: Argument of type '(prev: { role: "user" | "assistant"; content: string; timestamp?: number | undefined; }[]) => ({ role: "user" | "assistant"; content: string; timestamp?: number | undefined; } | { role: "assistant"; content: string; timestamp: Date; })[]' is not assignable to parameter of type 'SetStateAction<{ role: "user" | "assistant"; content: string; timestamp?: number | undefined; }[]>'.
  Type '(prev: { role: "user" | "assistant"; content: string; timestamp?: number | undefined; }[]) => ({ role: "user" | "assistant"; content: string; timestamp?: number | undefined; } | { role: "assistant"; content: string; timestamp: Date; })[]' is not assignable to type '(prevState: { role: "user" | "assistant"; content: string; timestamp?: number | undefined; }[]) => { role: "user" | "assistant"; content: string; timestamp?: number | undefined; }[]'.
    Type '({ role: "user" | "assistant"; content: string; timestamp?: number | undefined; } | { role: "assistant"; content: string; timestamp: Date; })[]' is not assignable to type '{ role: "user" | "assistant"; content: string; timestamp?: number | undefined; }[]'.
      Type '{ role: "user" | "assistant"; content: string; timestamp?: number | undefined; } | { role: "assistant"; content: string; timestamp: Date; }' is not assignable to type '{ role: "user" | "assistant"; content: string; timestamp?: number | undefined; }'.
        Type '{ role: "assistant"; content: string; timestamp: Date; }' is not assignable to type '{ role: "user" | "assistant"; content: string; timestamp?: number | undefined; }'.
          Types of property 'timestamp' are incompatible.
            Type 'Date' is not assignable to type 'number'.
client/src/components/assistant/assistant-chat.tsx(242,27): error TS2345: Argument of type '(prev: { role: "user" | "assistant"; content: string; timestamp?: number | undefined; }[]) => ({ role: "user" | "assistant"; content: string; timestamp?: number | undefined; } | { role: "assistant"; content: string; timestamp: Date; })[]' is not assignable to parameter of type 'SetStateAction<{ role: "user" | "assistant"; content: string; timestamp?: number | undefined; }[]>'.
  Type '(prev: { role: "user" | "assistant"; content: string; timestamp?: number | undefined; }[]) => ({ role: "user" | "assistant"; content: string; timestamp?: number | undefined; } | { role: "assistant"; content: string; timestamp: Date; })[]' is not assignable to type '(prevState: { role: "user" | "assistant"; content: string; timestamp?: number | undefined; }[]) => { role: "user" | "assistant"; content: string; timestamp?: number | undefined; }[]'.
    Type '({ role: "user" | "assistant"; content: string; timestamp?: number | undefined; } | { role: "assistant"; content: string; timestamp: Date; })[]' is not assignable to type '{ role: "user" | "assistant"; content: string; timestamp?: number | undefined; }[]'.
      Type '{ role: "user" | "assistant"; content: string; timestamp?: number | undefined; } | { role: "assistant"; content: string; timestamp: Date; }' is not assignable to type '{ role: "user" | "assistant"; content: string; timestamp?: number | undefined; }'.
        Type '{ role: "assistant"; content: string; timestamp: Date; }' is not assignable to type '{ role: "user" | "assistant"; content: string; timestamp?: number | undefined; }'.
          Types of property 'timestamp' are incompatible.
            Type 'Date' is not assignable to type 'number'.
client/src/components/assistant/assistant-chat.tsx(257,27): error TS2345: Argument of type '(prev: { role: "user" | "assistant"; content: string; timestamp?: number | undefined; }[]) => ({ role: "user" | "assistant"; content: string; timestamp?: number | undefined; } | { role: "assistant"; content: string; timestamp: Date; })[]' is not assignable to parameter of type 'SetStateAction<{ role: "user" | "assistant"; content: string; timestamp?: number | undefined; }[]>'.
  Type '(prev: { role: "user" | "assistant"; content: string; timestamp?: number | undefined; }[]) => ({ role: "user" | "assistant"; content: string; timestamp?: number | undefined; } | { role: "assistant"; content: string; timestamp: Date; })[]' is not assignable to type '(prevState: { role: "user" | "assistant"; content: string; timestamp?: number | undefined; }[]) => { role: "user" | "assistant"; content: string; timestamp?: number | undefined; }[]'.
    Type '({ role: "user" | "assistant"; content: string; timestamp?: number | undefined; } | { role: "assistant"; content: string; timestamp: Date; })[]' is not assignable to type '{ role: "user" | "assistant"; content: string; timestamp?: number | undefined; }[]'.
      Type '{ role: "user" | "assistant"; content: string; timestamp?: number | undefined; } | { role: "assistant"; content: string; timestamp: Date; }' is not assignable to type '{ role: "user" | "assistant"; content: string; timestamp?: number | undefined; }'.
        Type '{ role: "assistant"; content: string; timestamp: Date; }' is not assignable to type '{ role: "user" | "assistant"; content: string; timestamp?: number | undefined; }'.
          Types of property 'timestamp' are incompatible.
            Type 'Date' is not assignable to type 'number'.
client/src/components/assistant/assistant-chat.tsx(294,16): error TS2339: Property 'isCommand' does not exist on type '{ role: "user" | "assistant"; content: string; timestamp?: number | undefined; }'.
client/src/components/assistant/assistant-chat.tsx(294,34): error TS2339: Property 'actions' does not exist on type '{ role: "user" | "assistant"; content: string; timestamp?: number | undefined; }'.
client/src/components/assistant/assistant-chat.tsx(294,50): error TS2339: Property 'actions' does not exist on type '{ role: "user" | "assistant"; content: string; timestamp?: number | undefined; }'.
client/src/components/assistant/assistant-chat.tsx(295,42): error TS2339: Property 'actions' does not exist on type '{ role: "user" | "assistant"; content: string; timestamp?: number | undefined; }'.
client/src/components/assistant/assistant-chat.tsx(299,19): error TS2345: Argument of type '(prev: { role: "user" | "assistant"; content: string; timestamp?: number | undefined; }[]) => ({ role: "user" | "assistant"; content: string; timestamp?: number | undefined; } | { role: "assistant"; content: string; timestamp: Date; })[]' is not assignable to parameter of type 'SetStateAction<{ role: "user" | "assistant"; content: string; timestamp?: number | undefined; }[]>'.
  Type '(prev: { role: "user" | "assistant"; content: string; timestamp?: number | undefined; }[]) => ({ role: "user" | "assistant"; content: string; timestamp?: number | undefined; } | { role: "assistant"; content: string; timestamp: Date; })[]' is not assignable to type '(prevState: { role: "user" | "assistant"; content: string; timestamp?: number | undefined; }[]) => { role: "user" | "assistant"; content: string; timestamp?: number | undefined; }[]'.
    Type '({ role: "user" | "assistant"; content: string; timestamp?: number | undefined; } | { role: "assistant"; content: string; timestamp: Date; })[]' is not assignable to type '{ role: "user" | "assistant"; content: string; timestamp?: number | undefined; }[]'.
      Type '{ role: "user" | "assistant"; content: string; timestamp?: number | undefined; } | { role: "assistant"; content: string; timestamp: Date; }' is not assignable to type '{ role: "user" | "assistant"; content: string; timestamp?: number | undefined; }'.
        Type '{ role: "assistant"; content: string; timestamp: Date; }' is not assignable to type '{ role: "user" | "assistant"; content: string; timestamp?: number | undefined; }'.
          Types of property 'timestamp' are incompatible.
            Type 'Date' is not assignable to type 'number'.
client/src/components/assistant/assistant-chat.tsx(316,7): error TS2322: Type 'Date' is not assignable to type 'number'.
client/src/components/buses/bus-form.tsx(14,46): error TS2322: Type 'boolean' is not assignable to type 'never'.
client/src/components/buses/bus-form.tsx(32,27): error TS2339: Property 'pdf_file_name' does not exist on type '{ id: string; name: string; created_at: Date; updated_at: Date; is_active: boolean; total_seats: number; type?: string | undefined; description?: string | undefined; }'.
client/src/components/buses/bus-form.tsx(40,20): error TS2339: Property 'seat_layout' does not exist on type '{ id: string; name: string; created_at: Date; updated_at: Date; is_active: boolean; total_seats: number; type?: string | undefined; description?: string | undefined; }'.
client/src/components/buses/bus-form.tsx(44,9): error TS2353: Object literal may only specify known properties, and 'seat_layout' does not exist in type 'Partial<{ name: string; is_active: boolean; total_seats: number; type?: string | undefined; description?: string | undefined; }>'.
client/src/components/buses/bus-form.tsx(44,9): error TS2353: Object literal may only specify known properties, and 'seat_layout' does not exist in type '{ name: string; is_active: boolean; total_seats: number; type?: string | undefined; description?: string | undefined; }'.
client/src/components/buses/bus-form.tsx(44,26): error TS2339: Property 'seat_layout' does not exist on type '{ id: string; name: string; created_at: Date; updated_at: Date; is_active: boolean; total_seats: number; type?: string | undefined; description?: string | undefined; }'.
client/src/components/buses/bus-form.tsx(48,47): error TS2339: Property 'total_seats' does not exist on type '{}'.
client/src/components/buses/bus-form.tsx(78,17): error TS2322: Type 'string' is not assignable to type 'never'.
client/src/components/buses/bus-form.tsx(96,17): error TS2322: Type 'string' is not assignable to type 'never'.
client/src/components/buses/bus-form.tsx(125,17): error TS2322: Type 'string' is not assignable to type 'never'.
client/src/components/buses/bus-form.tsx(145,17): error TS2322: Type 'string' is not assignable to type 'never'.
client/src/components/buses/bus-form.tsx(177,15): error TS2322: Type 'string' is not assignable to type 'never'.
client/src/components/caixa/bills-section.tsx(159,41): error TS7053: Element implicitly has an 'any' type because expression of type 'any' can't be used to index type '{ readonly pending: { readonly bg: "bg-yellow-100 dark:bg-yellow-900/20"; readonly text: "text-yellow-800 dark:text-yellow-200"; readonly label: "Pendente"; }; readonly paid: { readonly bg: "bg-green-100 dark:bg-green-900/20"; readonly text: "text-green-800 dark:text-green-200"; readonly label: "Pago"; }; readonly o...'.
client/src/components/caixa/bills-section.tsx(160,42): error TS7053: Element implicitly has an 'any' type because expression of type 'any' can't be used to index type '{ readonly pending: { readonly bg: "bg-yellow-100 dark:bg-yellow-900/20"; readonly text: "text-yellow-800 dark:text-yellow-200"; readonly label: "Pendente"; }; readonly paid: { readonly bg: "bg-green-100 dark:bg-green-900/20"; readonly text: "text-green-800 dark:text-green-200"; readonly label: "Pago"; }; readonly o...'.
client/src/components/caixa/bills-section.tsx(160,75): error TS7053: Element implicitly has an 'any' type because expression of type 'any' can't be used to index type '{ readonly pending: { readonly bg: "bg-yellow-100 dark:bg-yellow-900/20"; readonly text: "text-yellow-800 dark:text-yellow-200"; readonly label: "Pendente"; }; readonly paid: { readonly bg: "bg-green-100 dark:bg-green-900/20"; readonly text: "text-green-800 dark:text-green-200"; readonly label: "Pago"; }; readonly o...'.
client/src/components/customizable-dashboard.tsx(65,41): error TS2551: Property 'assigned_to_user_id' does not exist on type '{ title: string; id: string; status: "pending" | "in_progress" | "completed" | "cancelled"; created_at: Date; updated_at: Date; created_by_email: string; created_by_name: string; ... 9 more ...; updates?: { ...; }[] | undefined; }'. Did you mean 'assigned_by_user_id'?
client/src/components/customizable-dashboard.tsx(73,37): error TS2339: Property 'delivery_date' does not exist on type '{ title: string; id: string; status: "pending" | "in_progress" | "completed" | "cancelled"; created_at: Date; updated_at: Date; created_by_email: string; created_by_name: string; ... 9 more ...; updates?: { ...; }[] | undefined; }'.
client/src/components/departments/department-form.tsx(41,17): error TS2339: Property 'subsectors' does not exist on type '{ id: string; name: string; created_at: Date; updated_at: Date; is_active: boolean; description?: string | undefined; manager_name?: string | undefined; }'.
client/src/components/departments/department-form.tsx(49,7): error TS2353: Object literal may only specify known properties, and 'responsible' does not exist in type 'AsyncDefaultValues<{ name: string; is_active: boolean; description?: string | undefined; manager_name?: string | undefined; subsectors?: { title: string; description: string; }[] | undefined; }> | { ...; }'.
client/src/components/departments/department-form.tsx(49,32): error TS2339: Property 'responsible' does not exist on type '{ id: string; name: string; created_at: Date; updated_at: Date; is_active: boolean; description?: string | undefined; manager_name?: string | undefined; }'.
client/src/components/departments/department-form.tsx(50,26): error TS2339: Property 'order' does not exist on type '{ id: string; name: string; created_at: Date; updated_at: Date; is_active: boolean; description?: string | undefined; manager_name?: string | undefined; }'.
client/src/components/departments/department-form.tsx(52,31): error TS2339: Property 'subsectors' does not exist on type '{ id: string; name: string; created_at: Date; updated_at: Date; is_active: boolean; description?: string | undefined; manager_name?: string | undefined; }'.
client/src/components/departments/department-form.tsx(129,41): error TS2345: Argument of type '(data: FormValues) => void' is not assignable to parameter of type 'SubmitHandler<TFieldValues>'.
  Types of parameters 'data' and 'data' are incompatible.
    Type 'TFieldValues' is not assignable to type '{ name: string; is_active: boolean; description?: string | undefined; manager_name?: string | undefined; subsectors?: { title: string; description: string; }[] | undefined; }'.
      Type 'FieldValues' is missing the following properties from type '{ name: string; is_active: boolean; description?: string | undefined; manager_name?: string | undefined; subsectors?: { title: string; description: string; }[] | undefined; }': name, is_active
client/src/components/departments/department-form.tsx(131,11): error TS2322: Type 'Control<{ name: string; is_active: boolean; description?: string | undefined; manager_name?: string | undefined; subsectors?: { title: string; description: string; }[] | undefined; }, any, TFieldValues>' is not assignable to type 'Control<{ name: string; is_active: boolean; description?: string | undefined; manager_name?: string | undefined; subsectors?: { title: string; description: string; }[] | undefined; }, any, { name: string; is_active: boolean; description?: string | undefined; manager_name?: string | undefined; subsectors?: { ...; }[]...'.
  The types of '_options.resolver' are incompatible between these types.
    Type 'Resolver<{ name: string; is_active: boolean; description?: string | undefined; manager_name?: string | undefined; subsectors?: { title: string; description: string; }[] | undefined; }, any, TFieldValues> | undefined' is not assignable to type 'Resolver<{ name: string; is_active: boolean; description?: string | undefined; manager_name?: string | undefined; subsectors?: { title: string; description: string; }[] | undefined; }, any, { name: string; is_active: boolean; description?: string | undefined; manager_name?: string | undefined; subsectors?: { ...; }[...'.
      Type 'Resolver<{ name: string; is_active: boolean; description?: string | undefined; manager_name?: string | undefined; subsectors?: { title: string; description: string; }[] | undefined; }, any, TFieldValues>' is not assignable to type 'Resolver<{ name: string; is_active: boolean; description?: string | undefined; manager_name?: string | undefined; subsectors?: { title: string; description: string; }[] | undefined; }, any, { name: string; is_active: boolean; description?: string | undefined; manager_name?: string | undefined; subsectors?: { ...; }[...'.
        Type 'TFieldValues' is not assignable to type '{ name: string; is_active: boolean; description?: string | undefined; manager_name?: string | undefined; subsectors?: { title: string; description: string; }[] | undefined; }'.
          Type 'FieldValues' is missing the following properties from type '{ name: string; is_active: boolean; description?: string | undefined; manager_name?: string | undefined; subsectors?: { title: string; description: string; }[] | undefined; }': name, is_active
client/src/components/departments/department-form.tsx(145,11): error TS2322: Type 'Control<{ name: string; is_active: boolean; description?: string | undefined; manager_name?: string | undefined; subsectors?: { title: string; description: string; }[] | undefined; }, any, TFieldValues>' is not assignable to type 'Control<{ name: string; is_active: boolean; description?: string | undefined; manager_name?: string | undefined; subsectors?: { title: string; description: string; }[] | undefined; }, any, { name: string; is_active: boolean; description?: string | undefined; manager_name?: string | undefined; subsectors?: { ...; }[]...'.
  The types of '_options.resolver' are incompatible between these types.
    Type 'Resolver<{ name: string; is_active: boolean; description?: string | undefined; manager_name?: string | undefined; subsectors?: { title: string; description: string; }[] | undefined; }, any, TFieldValues> | undefined' is not assignable to type 'Resolver<{ name: string; is_active: boolean; description?: string | undefined; manager_name?: string | undefined; subsectors?: { title: string; description: string; }[] | undefined; }, any, { name: string; is_active: boolean; description?: string | undefined; manager_name?: string | undefined; subsectors?: { ...; }[...'.
      Type 'Resolver<{ name: string; is_active: boolean; description?: string | undefined; manager_name?: string | undefined; subsectors?: { title: string; description: string; }[] | undefined; }, any, TFieldValues>' is not assignable to type 'Resolver<{ name: string; is_active: boolean; description?: string | undefined; manager_name?: string | undefined; subsectors?: { title: string; description: string; }[] | undefined; }, any, { name: string; is_active: boolean; description?: string | undefined; manager_name?: string | undefined; subsectors?: { ...; }[...'.
        Type 'TFieldValues' is not assignable to type '{ name: string; is_active: boolean; description?: string | undefined; manager_name?: string | undefined; subsectors?: { title: string; description: string; }[] | undefined; }'.
          Type 'FieldValues' is missing the following properties from type '{ name: string; is_active: boolean; description?: string | undefined; manager_name?: string | undefined; subsectors?: { title: string; description: string; }[] | undefined; }': name, is_active
client/src/components/departments/department-form.tsx(159,11): error TS2322: Type 'Control<{ name: string; is_active: boolean; description?: string | undefined; manager_name?: string | undefined; subsectors?: { title: string; description: string; }[] | undefined; }, any, TFieldValues>' is not assignable to type 'Control<{ name: string; is_active: boolean; description?: string | undefined; manager_name?: string | undefined; subsectors?: { title: string; description: string; }[] | undefined; }, any, { name: string; is_active: boolean; description?: string | undefined; manager_name?: string | undefined; subsectors?: { ...; }[]...'.
  The types of '_options.resolver' are incompatible between these types.
    Type 'Resolver<{ name: string; is_active: boolean; description?: string | undefined; manager_name?: string | undefined; subsectors?: { title: string; description: string; }[] | undefined; }, any, TFieldValues> | undefined' is not assignable to type 'Resolver<{ name: string; is_active: boolean; description?: string | undefined; manager_name?: string | undefined; subsectors?: { title: string; description: string; }[] | undefined; }, any, { name: string; is_active: boolean; description?: string | undefined; manager_name?: string | undefined; subsectors?: { ...; }[...'.
      Type 'Resolver<{ name: string; is_active: boolean; description?: string | undefined; manager_name?: string | undefined; subsectors?: { title: string; description: string; }[] | undefined; }, any, TFieldValues>' is not assignable to type 'Resolver<{ name: string; is_active: boolean; description?: string | undefined; manager_name?: string | undefined; subsectors?: { title: string; description: string; }[] | undefined; }, any, { name: string; is_active: boolean; description?: string | undefined; manager_name?: string | undefined; subsectors?: { ...; }[...'.
        Type 'TFieldValues' is not assignable to type '{ name: string; is_active: boolean; description?: string | undefined; manager_name?: string | undefined; subsectors?: { title: string; description: string; }[] | undefined; }'.
          Type 'FieldValues' is missing the following properties from type '{ name: string; is_active: boolean; description?: string | undefined; manager_name?: string | undefined; subsectors?: { title: string; description: string; }[] | undefined; }': name, is_active
client/src/components/departments/department-form.tsx(160,11): error TS2322: Type '"responsible"' is not assignable to type '"name" | "description" | "is_active" | "manager_name" | "subsectors" | `subsectors.${number}` | `subsectors.${number}.title` | `subsectors.${number}.description`'.
client/src/components/departments/department-form.tsx(165,18): error TS2322: Type '{ "data-testid": string; onChange: (...event: any[]) => void; onBlur: Noop; value: string | boolean | { title: string; description: string; } | { title: string; description: string; }[] | undefined; disabled?: boolean | undefined; name: "name" | ... 6 more ... | `subsectors.${number}.description`; ref: RefCallBack; }' is not assignable to type 'Omit<DetailedHTMLProps<InputHTMLAttributes<HTMLInputElement>, HTMLInputElement>, "ref">'.
  Types of property 'value' are incompatible.
    Type 'string | boolean | { title: string; description: string; } | { title: string; description: string; }[] | undefined' is not assignable to type 'string | number | readonly string[] | undefined'.
      Type 'false' is not assignable to type 'string | number | readonly string[] | undefined'.
client/src/components/departments/department-form.tsx(173,11): error TS2322: Type 'Control<{ name: string; is_active: boolean; description?: string | undefined; manager_name?: string | undefined; subsectors?: { title: string; description: string; }[] | undefined; }, any, TFieldValues>' is not assignable to type 'Control<{ name: string; is_active: boolean; description?: string | undefined; manager_name?: string | undefined; subsectors?: { title: string; description: string; }[] | undefined; }, any, { name: string; is_active: boolean; description?: string | undefined; manager_name?: string | undefined; subsectors?: { ...; }[]...'.
  The types of '_options.resolver' are incompatible between these types.
    Type 'Resolver<{ name: string; is_active: boolean; description?: string | undefined; manager_name?: string | undefined; subsectors?: { title: string; description: string; }[] | undefined; }, any, TFieldValues> | undefined' is not assignable to type 'Resolver<{ name: string; is_active: boolean; description?: string | undefined; manager_name?: string | undefined; subsectors?: { title: string; description: string; }[] | undefined; }, any, { name: string; is_active: boolean; description?: string | undefined; manager_name?: string | undefined; subsectors?: { ...; }[...'.
      Type 'Resolver<{ name: string; is_active: boolean; description?: string | undefined; manager_name?: string | undefined; subsectors?: { title: string; description: string; }[] | undefined; }, any, TFieldValues>' is not assignable to type 'Resolver<{ name: string; is_active: boolean; description?: string | undefined; manager_name?: string | undefined; subsectors?: { title: string; description: string; }[] | undefined; }, any, { name: string; is_active: boolean; description?: string | undefined; manager_name?: string | undefined; subsectors?: { ...; }[...'.
        Type 'TFieldValues' is not assignable to type '{ name: string; is_active: boolean; description?: string | undefined; manager_name?: string | undefined; subsectors?: { title: string; description: string; }[] | undefined; }'.
          Type 'FieldValues' is missing the following properties from type '{ name: string; is_active: boolean; description?: string | undefined; manager_name?: string | undefined; subsectors?: { title: string; description: string; }[] | undefined; }': name, is_active
client/src/components/departments/department-form.tsx(174,11): error TS2322: Type '"order"' is not assignable to type '"name" | "description" | "is_active" | "manager_name" | "subsectors" | `subsectors.${number}` | `subsectors.${number}.title` | `subsectors.${number}.description`'.
client/src/components/departments/department-form.tsx(179,18): error TS2322: Type '{ onChange: (e: ChangeEvent<HTMLInputElement>) => void; "data-testid": string; onBlur: Noop; value: string | boolean | { title: string; description: string; } | { ...; }[] | undefined; disabled?: boolean | undefined; name: "name" | ... 6 more ... | `subsectors.${number}.description`; ref: RefCallBack; type: "number"...' is not assignable to type 'Omit<DetailedHTMLProps<InputHTMLAttributes<HTMLInputElement>, HTMLInputElement>, "ref">'.
  Types of property 'value' are incompatible.
    Type 'string | boolean | { title: string; description: string; } | { title: string; description: string; }[] | undefined' is not assignable to type 'string | number | readonly string[] | undefined'.
      Type 'false' is not assignable to type 'string | number | readonly string[] | undefined'.
client/src/components/departments/department-list.tsx(122,27): error TS2339: Property 'responsible' does not exist on type '{ id: string; name: string; created_at: Date; updated_at: Date; is_active: boolean; description?: string | undefined; manager_name?: string | undefined; }'.
client/src/components/departments/department-list.tsx(124,81): error TS2339: Property 'responsible' does not exist on type '{ id: string; name: string; created_at: Date; updated_at: Date; is_active: boolean; description?: string | undefined; manager_name?: string | undefined; }'.
client/src/components/departments/department-list.tsx(128,36): error TS2339: Property 'order' does not exist on type '{ id: string; name: string; created_at: Date; updated_at: Date; is_active: boolean; description?: string | undefined; manager_name?: string | undefined; }'.
client/src/components/departments/department-list.tsx(151,23): error TS2339: Property 'subsectors' does not exist on type '{ id: string; name: string; created_at: Date; updated_at: Date; is_active: boolean; description?: string | undefined; manager_name?: string | undefined; }'.
client/src/components/departments/department-list.tsx(151,42): error TS2339: Property 'subsectors' does not exist on type '{ id: string; name: string; created_at: Date; updated_at: Date; is_active: boolean; description?: string | undefined; manager_name?: string | undefined; }'.
client/src/components/departments/department-list.tsx(154,29): error TS2339: Property 'subsectors' does not exist on type '{ id: string; name: string; created_at: Date; updated_at: Date; is_active: boolean; description?: string | undefined; manager_name?: string | undefined; }'.
client/src/components/departments/department-list.tsx(157,29): error TS2339: Property 'subsectors' does not exist on type '{ id: string; name: string; created_at: Date; updated_at: Date; is_active: boolean; description?: string | undefined; manager_name?: string | undefined; }'.
client/src/components/departments/department-list.tsx(157,57): error TS7006: Parameter 'sub' implicitly has an 'any' type.
client/src/components/departments/department-list.tsx(157,62): error TS7006: Parameter 'idx' implicitly has an 'any' type.
client/src/components/departments/department-list.tsx(162,29): error TS2339: Property 'subsectors' does not exist on type '{ id: string; name: string; created_at: Date; updated_at: Date; is_active: boolean; description?: string | undefined; manager_name?: string | undefined; }'.
client/src/components/departments/department-list.tsx(164,44): error TS2339: Property 'subsectors' does not exist on type '{ id: string; name: string; created_at: Date; updated_at: Date; is_active: boolean; description?: string | undefined; manager_name?: string | undefined; }'.
client/src/components/discount-approval-notification.tsx(38,13): error TS2339: Property 'role' does not exist on type 'User'.
client/src/components/quick-add-button.tsx(85,13): error TS2741: Property 'is_brinde' is missing in type '{ first_name: string; last_name: string; birthdate: Date; cpf: string; phone: string; email: string | undefined; client_type: "agencia" | "operadora"; destination: string; duration: number; contract_type: "normal"; }' but required in type '{ duration: number; first_name: string; last_name: string; birthdate: Date; cpf: string; phone: string; is_brinde: boolean; contract_type: "normal" | "bate_volta"; client_type: "agencia" | "operadora"; ... 37 more ...; operator_name?: "azul_viagens" | ... 2 more ... | undefined; }'.
client/src/components/task-notifications.tsx(19,14): error TS2551: Property 'assigned_to_user_id' does not exist on type '{ title: string; id: string; status: "pending" | "in_progress" | "completed" | "cancelled"; created_at: Date; updated_at: Date; created_by_email: string; created_by_name: string; ... 9 more ...; updates?: { ...; }[] | undefined; }'. Did you mean 'assigned_by_user_id'?
client/src/components/task-notifications.tsx(21,23): error TS2339: Property 'delivery_date' does not exist on type '{ title: string; id: string; status: "pending" | "in_progress" | "completed" | "cancelled"; created_at: Date; updated_at: Date; created_by_email: string; created_by_name: string; ... 9 more ...; updates?: { ...; }[] | undefined; }'.
client/src/components/task-notifications.tsx(49,41): error TS2339: Property 'delivery_date' does not exist on type '{ title: string; id: string; status: "pending" | "in_progress" | "completed" | "cancelled"; created_at: Date; updated_at: Date; created_by_email: string; created_by_name: string; ... 9 more ...; updates?: { ...; }[] | undefined; }'.
client/src/lib/pdf-generator.ts(861,55): error TS7053: Element implicitly has an 'any' type because expression of type '"link" | "pix" | "boleto" | "avista" | "crediario_agencia" | "credito_banco" | "brinde"' can't be used to index type '{ avista: string; pix: string; crediario_agencia: string; credito_banco: string; boleto: string; link: string; }'.
  Property 'brinde' does not exist on type '{ avista: string; pix: string; crediario_agencia: string; credito_banco: string; boleto: string; link: string; }'.
client/src/lib/pdf-generator.ts(1854,49): error TS7053: Element implicitly has an 'any' type because expression of type '"link" | "pix" | "boleto" | "avista" | "crediario_agencia" | "credito_banco" | "brinde"' can't be used to index type '{ avista: string; pix: string; crediario_agencia: string; credito_banco: string; boleto: string; link: string; }'.
  Property 'brinde' does not exist on type '{ avista: string; pix: string; crediario_agencia: string; credito_banco: string; boleto: string; link: string; }'.
client/src/lib/pdf-generator.ts(3568,5): error TS2322: Type '(string | undefined)[][]' is not assignable to type 'RowInput[]'.
  Type '(string | undefined)[]' is not assignable to type 'RowInput'.
    Type '(string | undefined)[]' is not assignable to type 'CellInput[]'.
      Type 'string | undefined' is not assignable to type 'CellInput'.
        Type 'undefined' is not assignable to type 'CellInput'.
client/src/pages/client-history.tsx(47,11): error TS2367: This comparison appears to be unintentional because the types '"pending" | "approved" | "expired"' and '"cancelled"' have no overlap.
client/src/pages/controle-de-ponto.tsx(719,46): error TS2339: Property 'split' does not exist on type 'string | Date'.
  Property 'split' does not exist on type 'Date'.
client/src/pages/controle-de-ponto.tsx(728,34): error TS18048: 'record.break_duration_minutes' is possibly 'undefined'.
client/src/pages/controle-de-ponto.tsx(729,52): error TS2345: Argument of type 'number | undefined' is not assignable to parameter of type 'number'.
  Type 'undefined' is not assignable to type 'number'.
client/src/pages/controle-de-ponto.tsx(757,44): error TS2339: Property 'split' does not exist on type 'string | Date'.
  Property 'split' does not exist on type 'Date'.
client/src/pages/controle-de-ponto.tsx(783,34): error TS18048: 'record.break_duration_minutes' is possibly 'undefined'.
client/src/pages/controle-de-ponto.tsx(784,52): error TS2345: Argument of type 'number | undefined' is not assignable to parameter of type 'number'.
  Type 'undefined' is not assignable to type 'number'.
client/src/pages/controle-de-ponto.tsx(890,38): error TS18048: 'record.break_duration_minutes' is possibly 'undefined'.
client/src/pages/controle-de-ponto.tsx(891,56): error TS2345: Argument of type 'number | undefined' is not assignable to parameter of type 'number'.
  Type 'undefined' is not assignable to type 'number'.
client/src/pages/controle-de-ponto.tsx(941,38): error TS18048: 'record.break_duration_minutes' is possibly 'undefined'.
client/src/pages/controle-de-ponto.tsx(942,56): error TS2345: Argument of type 'number | undefined' is not assignable to parameter of type 'number'.
  Type 'undefined' is not assignable to type 'number'.
client/src/pages/funcionarios.tsx(1178,19): error TS2322: Type 'string | Date' is not assignable to type 'string | number | readonly string[] | undefined'.
  Type 'Date' is not assignable to type 'string | number | readonly string[] | undefined'.
    Type 'Date' is missing the following properties from type 'readonly string[]': length, concat, join, slice, and 26 more.
client/src/pages/funcionarios.tsx(1209,19): error TS2322: Type 'string | Date | undefined' is not assignable to type 'string | number | readonly string[] | undefined'.
  Type 'Date' is not assignable to type 'string | number | readonly string[] | undefined'.
    Type 'Date' is missing the following properties from type 'readonly string[]': length, concat, join, slice, and 26 more.
client/src/pages/funcionarios.tsx(1212,27): error TS2532: Object is possibly 'undefined'.
client/src/pages/inactive-clients.tsx(95,8): error TS2741: Property 'onBulkMoveToClients' is missing in type '{ prospects: any; pagination: PaginationInfo; isLoading: boolean; onEdit: (client: any) => void; onDelete: (clientId: string) => void; onPageChange: (page: number) => void; selectedProspects: string[]; onSelectProspect: (clientId: string, selected: boolean) => void; onSelectAll: (selected: boolean) => void; onBulkDe...' but required in type 'ProspectListProps'.
client/src/pages/organizational-structure.tsx(265,29): error TS2339: Property 'responsible' does not exist on type '{ id: string; name: string; created_at: Date; updated_at: Date; is_active: boolean; description?: string | undefined; manager_name?: string | undefined; }'.
client/src/pages/organizational-structure.tsx(269,35): error TS2339: Property 'responsible' does not exist on type '{ id: string; name: string; created_at: Date; updated_at: Date; is_active: boolean; description?: string | undefined; manager_name?: string | undefined; }'.
client/src/pages/organizational-structure.tsx(274,29): error TS2339: Property 'subsectors' does not exist on type '{ id: string; name: string; created_at: Date; updated_at: Date; is_active: boolean; description?: string | undefined; manager_name?: string | undefined; }'.
client/src/pages/organizational-structure.tsx(274,48): error TS2339: Property 'subsectors' does not exist on type '{ id: string; name: string; created_at: Date; updated_at: Date; is_active: boolean; description?: string | undefined; manager_name?: string | undefined; }'.
client/src/pages/organizational-structure.tsx(278,35): error TS2339: Property 'subsectors' does not exist on type '{ id: string; name: string; created_at: Date; updated_at: Date; is_active: boolean; description?: string | undefined; manager_name?: string | undefined; }'.
client/src/pages/organizational-structure.tsx(278,51): error TS7006: Parameter 'subsector' implicitly has an 'any' type.
client/src/pages/organizational-structure.tsx(278,62): error TS7006: Parameter 'index' implicitly has an 'any' type.
client/src/pages/programa-viagens.tsx(29,42): error TS2304: Cannot find name 'Child'.
client/src/pages/programa-viagens.tsx(658,22): error TS2554: Expected 5 arguments, but got 1.
client/src/pages/programa-viagens.tsx(660,34): error TS2554: Expected 5 arguments, but got 1.
client/src/pages/programa-viagens.tsx(660,93): error TS2554: Expected 5 arguments, but got 1.
client/src/pages/programa-viagens.tsx(663,26): error TS2554: Expected 5 arguments, but got 1.
client/src/pages/programa-viagens.tsx(664,32): error TS2554: Expected 5 arguments, but got 1.
server/json-storage.ts(2068,17): error TS2322: Type '"parcela_overdue"' is not assignable to type '"task_completed" | "payment_reminder" | "task_assigned"'.
server/pdf-generator.ts(206,50): error TS2339: Property 'passenger_type' does not exist on type 'PassengerData'.
server/pdf-generator.ts(213,50): error TS2339: Property 'passenger_type' does not exist on type 'PassengerData'.
server/routes.ts(312,41): error TS2802: Type 'Map<string, any>' can only be iterated through when using the '--downlevelIteration' flag or with a '--target' of 'es2015' or higher.
server/routes.ts(349,43): error TS2802: Type 'Map<string, any>' can only be iterated through when using the '--downlevelIteration' flag or with a '--target' of 'es2015' or higher.
server/routes.ts(1313,41): error TS2345: Argument of type '{ client_id: string; client_name: string; client_phone: string; amount: number; due_date: Date; installment_number: number; total_installments: number; is_paid: false; status: "pending"; }' is not assignable to parameter of type '{ status: "partial" | "pending" | "paid" | "overdue"; amount: number; client_id: string; paid_amount: number; due_date: Date; is_paid: boolean; payment_method?: "link" | "pix" | "dinheiro" | ... 4 more ... | undefined; ... 7 more ...; receipt_id?: string | undefined; }'.
  Property 'paid_amount' is missing in type '{ client_id: string; client_name: string; client_phone: string; amount: number; due_date: Date; installment_number: number; total_installments: number; is_paid: false; status: "pending"; }' but required in type '{ status: "partial" | "pending" | "paid" | "overdue"; amount: number; client_id: string; paid_amount: number; due_date: Date; is_paid: boolean; payment_method?: "link" | "pix" | "dinheiro" | ... 4 more ... | undefined; ... 7 more ...; receipt_id?: string | undefined; }'.
server/routes.ts(1346,39): error TS2345: Argument of type '{ client_id: string; client_name: string; client_phone: string; amount: number; due_date: Date; installment_number: number; total_installments: number; is_paid: true; status: "paid"; paid_date: Date; payment_method: "dinheiro" | "credito"; }' is not assignable to parameter of type '{ status: "partial" | "pending" | "paid" | "overdue"; amount: number; client_id: string; paid_amount: number; due_date: Date; is_paid: boolean; payment_method?: "link" | "pix" | "dinheiro" | ... 4 more ... | undefined; ... 7 more ...; receipt_id?: string | undefined; }'.
  Property 'paid_amount' is missing in type '{ client_id: string; client_name: string; client_phone: string; amount: number; due_date: Date; installment_number: number; total_installments: number; is_paid: true; status: "paid"; paid_date: Date; payment_method: "dinheiro" | "credito"; }' but required in type '{ status: "partial" | "pending" | "paid" | "overdue"; amount: number; client_id: string; paid_amount: number; due_date: Date; is_paid: boolean; payment_method?: "link" | "pix" | "dinheiro" | ... 4 more ... | undefined; ... 7 more ...; receipt_id?: string | undefined; }'.
server/routes.ts(1405,47): error TS2345: Argument of type '{ client_id: string; client_name: string; client_phone: string; amount: number; due_date: Date; installment_number: number; total_installments: number; is_paid: false; status: "pending"; }' is not assignable to parameter of type '{ status: "partial" | "pending" | "paid" | "overdue"; amount: number; client_id: string; paid_amount: number; due_date: Date; is_paid: boolean; payment_method?: "link" | "pix" | "dinheiro" | ... 4 more ... | undefined; ... 7 more ...; receipt_id?: string | undefined; }'.
  Property 'paid_amount' is missing in type '{ client_id: string; client_name: string; client_phone: string; amount: number; due_date: Date; installment_number: number; total_installments: number; is_paid: false; status: "pending"; }' but required in type '{ status: "partial" | "pending" | "paid" | "overdue"; amount: number; client_id: string; paid_amount: number; due_date: Date; is_paid: boolean; payment_method?: "link" | "pix" | "dinheiro" | ... 4 more ... | undefined; ... 7 more ...; receipt_id?: string | undefined; }'.
server/routes.ts(1420,45): error TS2345: Argument of type '{ client_id: string; client_name: string; client_phone: string; amount: number; due_date: Date; installment_number: number; total_installments: number; is_paid: false; status: "pending"; notes: string; }' is not assignable to parameter of type '{ status: "partial" | "pending" | "paid" | "overdue"; amount: number; client_id: string; paid_amount: number; due_date: Date; is_paid: boolean; payment_method?: "link" | "pix" | "dinheiro" | ... 4 more ... | undefined; ... 7 more ...; receipt_id?: string | undefined; }'.
  Property 'paid_amount' is missing in type '{ client_id: string; client_name: string; client_phone: string; amount: number; due_date: Date; installment_number: number; total_installments: number; is_paid: false; status: "pending"; notes: string; }' but required in type '{ status: "partial" | "pending" | "paid" | "overdue"; amount: number; client_id: string; paid_amount: number; due_date: Date; is_paid: boolean; payment_method?: "link" | "pix" | "dinheiro" | ... 4 more ... | undefined; ... 7 more ...; receipt_id?: string | undefined; }'.
server/routes.ts(1436,43): error TS2345: Argument of type '{ client_id: string; client_name: string; client_phone: string; amount: number; due_date: Date; installment_number: number; total_installments: number; is_paid: true; status: "paid"; paid_date: Date; payment_method: "link" | ... 5 more ... | "credito_viagens_interiores"; notes: string; }' is not assignable to parameter of type '{ status: "partial" | "pending" | "paid" | "overdue"; amount: number; client_id: string; paid_amount: number; due_date: Date; is_paid: boolean; payment_method?: "link" | "pix" | "dinheiro" | ... 4 more ... | undefined; ... 7 more ...; receipt_id?: string | undefined; }'.
  Property 'paid_amount' is missing in type '{ client_id: string; client_name: string; client_phone: string; amount: number; due_date: Date; installment_number: number; total_installments: number; is_paid: true; status: "paid"; paid_date: Date; payment_method: "link" | ... 5 more ... | "credito_viagens_interiores"; notes: string; }' but required in type '{ status: "partial" | "pending" | "paid" | "overdue"; amount: number; client_id: string; paid_amount: number; due_date: Date; is_paid: boolean; payment_method?: "link" | "pix" | "dinheiro" | ... 4 more ... | undefined; ... 7 more ...; receipt_id?: string | undefined; }'.
server/routes.ts(1568,41): error TS2345: Argument of type '{ client_id: string; client_name: string; client_phone: string; amount: number; due_date: Date; installment_number: number; total_installments: number; is_paid: false; status: "pending"; }' is not assignable to parameter of type '{ status: "partial" | "pending" | "paid" | "overdue"; amount: number; client_id: string; paid_amount: number; due_date: Date; is_paid: boolean; payment_method?: "link" | "pix" | "dinheiro" | ... 4 more ... | undefined; ... 7 more ...; receipt_id?: string | undefined; }'.
  Property 'paid_amount' is missing in type '{ client_id: string; client_name: string; client_phone: string; amount: number; due_date: Date; installment_number: number; total_installments: number; is_paid: false; status: "pending"; }' but required in type '{ status: "partial" | "pending" | "paid" | "overdue"; amount: number; client_id: string; paid_amount: number; due_date: Date; is_paid: boolean; payment_method?: "link" | "pix" | "dinheiro" | ... 4 more ... | undefined; ... 7 more ...; receipt_id?: string | undefined; }'.
server/routes.ts(1601,39): error TS2345: Argument of type '{ client_id: string; client_name: string; client_phone: string; amount: number; due_date: Date; installment_number: number; total_installments: number; is_paid: true; status: "paid"; paid_date: Date; payment_method: "dinheiro" | "credito"; }' is not assignable to parameter of type '{ status: "partial" | "pending" | "paid" | "overdue"; amount: number; client_id: string; paid_amount: number; due_date: Date; is_paid: boolean; payment_method?: "link" | "pix" | "dinheiro" | ... 4 more ... | undefined; ... 7 more ...; receipt_id?: string | undefined; }'.
  Property 'paid_amount' is missing in type '{ client_id: string; client_name: string; client_phone: string; amount: number; due_date: Date; installment_number: number; total_installments: number; is_paid: true; status: "paid"; paid_date: Date; payment_method: "dinheiro" | "credito"; }' but required in type '{ status: "partial" | "pending" | "paid" | "overdue"; amount: number; client_id: string; paid_amount: number; due_date: Date; is_paid: boolean; payment_method?: "link" | "pix" | "dinheiro" | ... 4 more ... | undefined; ... 7 more ...; receipt_id?: string | undefined; }'.
server/routes.ts(2170,43): error TS2367: This comparison appears to be unintentional because the types '"pending" | "approved" | "expired"' and '"cancelled"' have no overlap.
server/routes.ts(2171,44): error TS2345: Argument of type 'string | undefined' is not assignable to parameter of type 'string'.
  Type 'undefined' is not assignable to type 'string'.
server/routes.ts(2173,31): error TS2345: Argument of type 'string | undefined' is not assignable to parameter of type 'string'.
  Type 'undefined' is not assignable to type 'string'.
server/routes.ts(2270,54): error TS2367: This comparison appears to be unintentional because the types '"pending" | "approved" | "expired"' and '"cancelled"' have no overlap.
server/routes.ts(2278,119): error TS2367: This comparison appears to be unintentional because the types '"pending" | "approved" | "expired"' and '"cancelled"' have no overlap.
server/routes.ts(2650,13): error TS2367: This comparison appears to be unintentional because the types '"pending" | "approved" | "expired"' and '"cancelled"' have no overlap.
server/routes.ts(2792,42): error TS2802: Type 'Map<string, any[]>' can only be iterated through when using the '--downlevelIteration' flag or with a '--target' of 'es2015' or higher.
server/routes.ts(3366,52): error TS2345: Argument of type '{ amount: number; description: string; type: "income"; category: string; payment_method: "link" | "pix" | "dinheiro" | "credito" | "debito" | "boleto" | "credito_viagens_interiores" | undefined; transaction_date: Date; created_by_email: string; created_by_name: string; }' is not assignable to parameter of type '{ type: "income" | "expense"; description: string; category: string; amount: number; payment_method: "link" | "pix" | "dinheiro" | "credito" | "debito" | "boleto" | "credito_viagens_interiores"; transaction_date: Date; client_id?: string | undefined; notes?: string | undefined; } & { ...; }'.
  Type '{ amount: number; description: string; type: "income"; category: string; payment_method: "link" | "pix" | "dinheiro" | "credito" | "debito" | "boleto" | "credito_viagens_interiores" | undefined; transaction_date: Date; created_by_email: string; created_by_name: string; }' is not assignable to type '{ type: "income" | "expense"; description: string; category: string; amount: number; payment_method: "link" | "pix" | "dinheiro" | "credito" | "debito" | "boleto" | "credito_viagens_interiores"; transaction_date: Date; client_id?: string | undefined; notes?: string | undefined; }'.
    Types of property 'payment_method' are incompatible.
      Type '"link" | "pix" | "dinheiro" | "credito" | "debito" | "boleto" | "credito_viagens_interiores" | undefined' is not assignable to type '"link" | "pix" | "dinheiro" | "credito" | "debito" | "boleto" | "credito_viagens_interiores"'.
        Type 'undefined' is not assignable to type '"link" | "pix" | "dinheiro" | "credito" | "debito" | "boleto" | "credito_viagens_interiores"'.
server/routes.ts(3608,57): error TS2367: This comparison appears to be unintentional because the types 'boolean' and 'string' have no overlap.
server/routes.ts(3608,89): error TS2367: This comparison appears to be unintentional because the types 'boolean' and 'number' have no overlap.
server/routes.ts(3609,61): error TS2367: This comparison appears to be unintentional because the types 'boolean' and 'string' have no overlap.
server/routes.ts(3609,95): error TS2367: This comparison appears to be unintentional because the types 'boolean' and 'number' have no overlap.
server/routes.ts(3832,55): error TS2345: Argument of type '{ client_id: string; client_name: string; client_phone: string; amount: number; due_date: Date; installment_number: number; total_installments: number; is_paid: false; status: "pending"; }' is not assignable to parameter of type '{ status: "partial" | "pending" | "paid" | "overdue"; amount: number; client_id: string; paid_amount: number; due_date: Date; is_paid: boolean; payment_method?: "link" | "pix" | "dinheiro" | ... 4 more ... | undefined; ... 7 more ...; receipt_id?: string | undefined; }'.
  Property 'paid_amount' is missing in type '{ client_id: string; client_name: string; client_phone: string; amount: number; due_date: Date; installment_number: number; total_installments: number; is_paid: false; status: "pending"; }' but required in type '{ status: "partial" | "pending" | "paid" | "overdue"; amount: number; client_id: string; paid_amount: number; due_date: Date; is_paid: boolean; payment_method?: "link" | "pix" | "dinheiro" | ... 4 more ... | undefined; ... 7 more ...; receipt_id?: string | undefined; }'.
server/routes.ts(5583,55): error TS18048: 'client.installments_count' is possibly 'undefined'.
server/routes.ts(5601,31): error TS18048: 'client.installments_count' is possibly 'undefined'.
server/routes.ts(5605,41): error TS2345: Argument of type '{ client_id: string; client_name: string; client_phone: string; amount: number; due_date: Date; installment_number: number; total_installments: number | undefined; is_paid: false; status: "pending"; }' is not assignable to parameter of type '{ status: "partial" | "pending" | "paid" | "overdue"; amount: number; client_id: string; paid_amount: number; due_date: Date; is_paid: boolean; payment_method?: "link" | "pix" | "dinheiro" | ... 4 more ... | undefined; ... 7 more ...; receipt_id?: string | undefined; }'.
  Property 'paid_amount' is missing in type '{ client_id: string; client_name: string; client_phone: string; amount: number; due_date: Date; installment_number: number; total_installments: number | undefined; is_paid: false; status: "pending"; }' but required in type '{ status: "partial" | "pending" | "paid" | "overdue"; amount: number; client_id: string; paid_amount: number; due_date: Date; is_paid: boolean; payment_method?: "link" | "pix" | "dinheiro" | ... 4 more ... | undefined; ... 7 more ...; receipt_id?: string | undefined; }'.
